C:\F\LIYP2\APPINFO\APPINFO\APPINFO\X64\DEBUG\APPINFOMAIN.OBJ
C:\F\LIYP2\APPINFO\APPINFO\APPINFO\X64\DEBUG\APPINFO.OBJ
C:\F\LIYP2\APPINFO\APPINFO\APPINFO\X64\DEBUG\STDAFX.OBJ
C:\F\LIYP2\APPINFO\APPINFO\APPINFO\X64\DEBUG\VC110.PDB
C:\F\LIYP2\APPINFO\APPINFO\X64\DEBUG\APPINFO.ILK
C:\F\LIYP2\APPINFO\APPINFO\X64\DEBUG\APPINFO.EXE
C:\F\LIYP2\APPINFO\APPINFO\X64\DEBUG\APPINFO.PDB
C:\F\liyp2\AppInfo\AppInfo\AppInfo\x64\Debug\AppInfo.obj
C:\F\liyp2\AppInfo\AppInfo\AppInfo\x64\Debug\AppInfoMain.obj
C:\F\liyp2\AppInfo\AppInfo\AppInfo\x64\Debug\stdafx.obj
C:\F\liyp2\AppInfo\AppInfo\AppInfo\x64\Debug\cl.command.1.tlog
C:\F\liyp2\AppInfo\AppInfo\AppInfo\x64\Debug\CL.read.1.tlog
C:\F\liyp2\AppInfo\AppInfo\AppInfo\x64\Debug\CL.write.1.tlog
C:\F\liyp2\AppInfo\AppInfo\AppInfo\x64\Debug\link-cvtres.read.1.tlog
C:\F\liyp2\AppInfo\AppInfo\AppInfo\x64\Debug\link-cvtres.write.1.tlog
C:\F\liyp2\AppInfo\AppInfo\AppInfo\x64\Debug\link-rc.read.1.tlog
C:\F\liyp2\AppInfo\AppInfo\AppInfo\x64\Debug\link-rc.write.1.tlog
C:\F\liyp2\AppInfo\AppInfo\AppInfo\x64\Debug\link.14680-cvtres.read.1.tlog
C:\F\liyp2\AppInfo\AppInfo\AppInfo\x64\Debug\link.14680-cvtres.write.1.tlog
C:\F\liyp2\AppInfo\AppInfo\AppInfo\x64\Debug\link.14680-rc.read.1.tlog
C:\F\liyp2\AppInfo\AppInfo\AppInfo\x64\Debug\link.14680-rc.write.1.tlog
C:\F\liyp2\AppInfo\AppInfo\AppInfo\x64\Debug\link.14680.read.1.tlog
C:\F\liyp2\AppInfo\AppInfo\AppInfo\x64\Debug\link.14680.write.1.tlog
C:\F\liyp2\AppInfo\AppInfo\AppInfo\x64\Debug\link.command.1.tlog
C:\F\liyp2\AppInfo\AppInfo\AppInfo\x64\Debug\link.read.1.tlog
C:\F\liyp2\AppInfo\AppInfo\AppInfo\x64\Debug\link.write.1.tlog
C:\F\liyp2\AppInfo\AppInfo\AppInfo\x64\Debug\vc110.idb
C:\F\liyp2\AppInfo\AppInfo\AppInfo\x64\Debug\vc110.pdb
C:\F\liyp2\AppInfo\AppInfo\x64\Debug\AppInfo.pdb
C:\F\liyp2\AppInfo\AppInfo\x64\Debug\AppInfo.exe
C:\F\liyp2\AppInfo\AppInfo\x64\Debug\AppInfo.ilk
